[2024-11-14 18:52:54] Ошибка при добавлении пользователя: SQLSTATE[23000]: Integrity constraint violation: 1062 Duplicate entry '111' for key 'studentsinfo.GithubID'
[2024-11-18 20:36:08] Ошибка при добавлении пользователя: SQLSTATE[23000]: Integrity constraint violation: 1062 Duplicate entry '123' for key 'studentsinfo.GithubID'
[2024-11-19 14:59:20] Ошибка при редактировании группы: SQLSTATE[42000]: Syntax error or access violation: 1064 You have an error in your SQL syntax; check the manual that corresponds to your MySQL server version for the right syntax to use near 'Groups SET name = 'ИСС2' WHERE id = 2' at line 1
[2024-11-19 14:59:24] Ошибка при редактировании группы: SQLSTATE[42000]: Syntax error or access violation: 1064 You have an error in your SQL syntax; check the manual that corresponds to your MySQL server version for the right syntax to use near 'Groups SET name = 'ИСС223' WHERE id = 2' at line 1
[2024-11-20 17:33:37] Ошибка при получении всех пользователей: SQLSTATE[42S22]: Column not found: 1054 Unknown column 'StudentsGroup.GroupID' in 'on clause'
[2024-11-20 17:37:04] Ошибка при получении всех пользователей: SQLSTATE[42S22]: Column not found: 1054 Unknown column 'StudentsGroup.GroupID' in 'on clause'
[2024-11-20 17:37:19] Ошибка при получении всех пользователей: SQLSTATE[42S22]: Column not found: 1054 Unknown column 'StudentsGroup.GroupID' in 'on clause'
[2024-11-23 14:03:37] Ошибка при получении всех пользователей: SQLSTATE[42S22]: Column not found: 1054 Unknown column 'StudentsInfo.GroupName' in 'field list'
[2024-11-23 14:03:44] Ошибка при получении всех пользователей: SQLSTATE[42S22]: Column not found: 1054 Unknown column 'StudentsInfo.GroupName' in 'field list'
[2024-11-23 17:23:40] Ошибка при проверки существования группы SQLSTATE[42000]: Syntax error or access violation: 1064 You have an error in your SQL syntax; check the manual that corresponds to your MySQL server version for the right syntax to use near ':groupName' at line 1
[2024-11-23 17:23:43] Ошибка при проверки существования группы SQLSTATE[42000]: Syntax error or access violation: 1064 You have an error in your SQL syntax; check the manual that corresponds to your MySQL server version for the right syntax to use near ':groupName' at line 1
[2024-11-23 17:23:51] Ошибка при проверки существования группы SQLSTATE[42000]: Syntax error or access violation: 1064 You have an error in your SQL syntax; check the manual that corresponds to your MySQL server version for the right syntax to use near ':groupName' at line 1
[2024-11-23 17:24:31] Ошибка при проверки существования группы SQLSTATE[42000]: Syntax error or access violation: 1064 You have an error in your SQL syntax; check the manual that corresponds to your MySQL server version for the right syntax to use near ':groupName' at line 1
[2024-11-23 17:24:35] Ошибка при проверки существования группы SQLSTATE[42000]: Syntax error or access violation: 1064 You have an error in your SQL syntax; check the manual that corresponds to your MySQL server version for the right syntax to use near ':groupName' at line 1
[2024-11-23 17:24:52] Ошибка при проверки существования группы SQLSTATE[42000]: Syntax error or access violation: 1064 You have an error in your SQL syntax; check the manual that corresponds to your MySQL server version for the right syntax to use near ':groupName' at line 1
[2024-11-23 17:25:57] Ошибка при проверки существования группы SQLSTATE[42000]: Syntax error or access violation: 1064 You have an error in your SQL syntax; check the manual that corresponds to your MySQL server version for the right syntax to use near ':groupName' at line 1
[2024-11-23 17:26:16] Ошибка при проверки существования группы SQLSTATE[42000]: Syntax error or access violation: 1064 You have an error in your SQL syntax; check the manual that corresponds to your MySQL server version for the right syntax to use near ':groupName' at line 1
[2024-11-23 17:27:29] Ошибка при проверки существования группы SQLSTATE[42000]: Syntax error or access violation: 1064 You have an error in your SQL syntax; check the manual that corresponds to your MySQL server version for the right syntax to use near ':groupName' at line 1
[2024-11-23 17:27:31] Ошибка при проверки существования группы SQLSTATE[42000]: Syntax error or access violation: 1064 You have an error in your SQL syntax; check the manual that corresponds to your MySQL server version for the right syntax to use near ':groupName' at line 1
[2024-11-23 17:27:38] Ошибка при проверки существования группы SQLSTATE[42000]: Syntax error or access violation: 1064 You have an error in your SQL syntax; check the manual that corresponds to your MySQL server version for the right syntax to use near ':groupName' at line 1
[2024-11-23 17:28:28] Ошибка при проверки существования группы SQLSTATE[42000]: Syntax error or access violation: 1064 You have an error in your SQL syntax; check the manual that corresponds to your MySQL server version for the right syntax to use near ':groupName' at line 1
[2024-11-23 17:30:36] Ошибка при проверки существования группы SQLSTATE[42000]: Syntax error or access violation: 1064 You have an error in your SQL syntax; check the manual that corresponds to your MySQL server version for the right syntax to use near ':groupName' at line 1
[2024-11-23 17:30:38] Ошибка при проверки существования группы SQLSTATE[42000]: Syntax error or access violation: 1064 You have an error in your SQL syntax; check the manual that corresponds to your MySQL server version for the right syntax to use near ':groupName' at line 1
[2024-11-23 17:30:41] Ошибка при проверки существования группы SQLSTATE[42000]: Syntax error or access violation: 1064 You have an error in your SQL syntax; check the manual that corresponds to your MySQL server version for the right syntax to use near ':groupName' at line 1
[2024-11-23 17:30:44] Ошибка при проверки существования группы SQLSTATE[42000]: Syntax error or access violation: 1064 You have an error in your SQL syntax; check the manual that corresponds to your MySQL server version for the right syntax to use near ':groupName' at line 1
[2024-11-27 18:10:13] Ошибка при получении всех пользователей: SQLSTATE[42000]: Syntax error or access violation: 1064 You have an error in your SQL syntax; check the manual that corresponds to your MySQL server version for the right syntax to use near ':groupId' at line 8
[2024-11-27 18:10:13] Ошибка при получении всех пользователей: SQLSTATE[42000]: Syntax error or access violation: 1064 You have an error in your SQL syntax; check the manual that corresponds to your MySQL server version for the right syntax to use near ':groupId' at line 8
[2024-11-27 18:10:26] Ошибка при получении всех пользователей: SQLSTATE[42000]: Syntax error or access violation: 1064 You have an error in your SQL syntax; check the manual that corresponds to your MySQL server version for the right syntax to use near ':groupId' at line 8
[2024-11-27 18:11:14] Ошибка при получении всех пользователей: SQLSTATE[42000]: Syntax error or access violation: 1064 You have an error in your SQL syntax; check the manual that corresponds to your MySQL server version for the right syntax to use near ':groupId' at line 8
